Using pre-set license
Built from 'HEAD' branch; Version is '2020.3.13f1XD1.1.971b (e2c9ed71f) revision 14862829'; Using compiler version '191627054'; Build Type 'Release'
OS: 'Windows 10 Pro; OS build 26200.8457; Version 2009; 64bit' Language: 'zh' Physical Memory: 64872 MB
BatchMode: 1, IsHumanControllingUs: 0, StartBugReporterOnCrash: 0, Is64bit: 1, IsPro: 0

 COMMAND LINE ARGUMENTS:
C:\XDTWorkspace\linan1_Unity.XDT.R_001\WindowsEditor\Unity.exe
-adb2
-batchMode
-noUpm
-name
AssetImportWorker0
-projectPath
D:/GitRepository/Nan-Li/submodule/cbim/v2/cbim
-logFile
Logs/AssetImportWorker0.log
-srvPort
61651
Successfully changed project path to: D:/GitRepository/Nan-Li/submodule/cbim/v2/cbim
D:/GitRepository/Nan-Li/submodule/cbim/v2/cbim
Using Asset Import Pipeline V2.
[XDEngine] - XD_BUG_IOS26_HVGLFONT:True
[XDEngine] - XD_BUG_METAL_SHADER_VALIDATION:True
[XDEngine] - XD_BUG_SLIGHT_FIXED:True
[XDEngine] - XD_DISABLE_HUB:True
[XDEngine] - XD_EXT_PACK_SPRITE_ATLAS:True
[XDEngine] - XD_MEMORY_BLOCK_OPTIMIZE:True
[XDEngine] - XD_MEMORY_CHANGE_ALLOCATOR:True
[XDEngine] - XD_MEMORY_SHADER_DYNAMIC_LOAD:True
[XDEngine] - XD_OPT_ANIMATION_LOW_FREQUENCY:True
[XDEngine] - XD_OPT_ANIMATOR_WARMUP:True
[XDEngine] - XD_OPT_ASSETBUNDLE_ENCRYPTION:True
[XDEngine] - XD_OPT_ASSETBUNDLE_UPLOAD_ASYNC:True
[XDEngine] - XD_OPT_BATCH_RENDERER_LOD:True
[XDEngine] - XD_OPT_BRG_INSTANCE_CULLING:True
[XDEngine] - XD_OPT_BRG_LOD:True
[XDEngine] - XD_OPT_BRG_TEXTURE_STREAMING:True
[XDEngine] - XD_OPT_BRG__MESH_STREAMING:True
[XDEngine] - XD_OPT_CASCADE_CULLING:True
[XDEngine] - XD_OPT_CASCADE_LOW_FREQUENCY:True
[XDEngine] - XD_OPT_CREATE_MANIFEST_FROM_EXTERNAL_DATA:True
[XDEngine] - XD_OPT_CULLING_THREAD:True
[XDEngine] - XD_OPT_DOTS_RENDER_NODE_DRAW:True
[XDEngine] - XD_OPT_DOTS_TEXTURE_STREAMING:True
[XDEngine] - XD_OPT_DOWNLOAD_TEXTURE_FORMAT:True
[XDEngine] - XD_OPT_EDITOR_RELOAD_DOMAIN:True
[XDEngine] - XD_OPT_GLES_FLEXIBLE_ARRAY_SIZE:True
[XDEngine] - XD_OPT_GPU_READBACK:True
[XDEngine] - XD_OPT_GPU_READBACK_GLES:True
[XDEngine] - XD_OPT_GPU_READBACK_VULKAN:True
[XDEngine] - XD_OPT_HLOD:True
[XDEngine] - XD_OPT_INSTANCE_TERRAIN:True
[XDEngine] - XD_OPT_LOG_SWITCH:True
[XDEngine] - XD_OPT_MERGE_ASSETBUNDLE:True
[XDEngine] - XD_OPT_NO_SWAPCHAIN_MSAA:True
[XDEngine] - XD_OPT_SAVE_DATA_ON_CRASH:True
[XDEngine] - XD_OPT_SCREEN_RATIO_CULL:True
[XDEngine] - XD_OPT_SSBO_INSTANCE:True
[XDEngine] - XD_OPT_TEST_VERSION:True
[XDEngine] - XD_OPT_UMBRA_DYNAMIC_OCCLUDER:True
[XDEngine] - XD_OPT_UMBRA_STREAMING:True
[XDEngine] - XD_PHYSICS:True
[XDEngine] - XD_RUNTIME_SIGNIFICANCE_MANAGER:True
[XDEngine] - XD_SHADER_COLOR_DEPTH_FETCH:True
[XDEngine] - XD_SPECIAL_RENDER_FIX:True
[XDEngine] - XD_TOOL_CHECK_VARIANTS_PROGRAM:True
[XDEngine] - XD_TOOL_DEBUG_SWITCH:True
[XDEngine] - XD_TOOL_GLES_GPU_PROFILER:True
[XDEngine] - XD_TOOL_GPU_PROFILER:True
[XDEngine] - XD_TOOL_RUNTIME_STATS:True
[XDEngine] - XD_TOOL_VULKAN_CHECK:True
[XDEngine] - XD_TOOL_VULKAN_GPU_PROFILER:True
[XDEngine] - XD_TOOL_VULKAN_MEMORY_CONFIG:True
Refreshing native plugins compatible for Editor in 17.85 ms, found 2 plugins.
Preloading 0 native plugins for Editor in 0.00 ms.
Initialize engine version: 2020.3.13f1XD1.1.971b (e2c9ed71f)
[Subsystems] Discovering subsystems at path C:/XDTWorkspace/linan1_Unity.XDT.R_001/WindowsEditor/Data/Resources/UnitySubsystems
[Subsystems] Discovering subsystems at path D:/GitRepository/Nan-Li/submodule/cbim/v2/cbim/Assets
GfxDevice: creating device client; threaded=0
Direct3D:
    Version:  Direct3D 11.0 [level 11.1]
    Renderer: NVIDIA GeForce RTX 5060 Ti (ID=0x2d04)
    Vendor:   
    VRAM:     15962 MB
    Driver:   32.0.15.8097
Initialize mono
Mono path[0] = 'C:/XDTWorkspace/linan1_Unity.XDT.R_001/WindowsEditor/Data/Managed'
Mono path[1] = 'C:/XDTWorkspace/linan1_Unity.XDT.R_001/WindowsEditor/Data/MonoBleedingEdge/lib/mono/unityjit'
Mono config path = 'C:/XDTWorkspace/linan1_Unity.XDT.R_001/WindowsEditor/Data/MonoBleedingEdge/etc'
Using monoOptions --debugger-agent=transport=dt_socket,embedding=1,server=y,suspend=n,address=127.0.0.1:56508
Begin MonoManager ReloadAssembly
Registering precompiled unity dll's ...
Register platform support module: C:/XDTWorkspace/linan1_Unity.XDT.R_001/WindowsEditor/Data/PlaybackEngines/WindowsStandaloneSupport/UnityEditor.WindowsStandalone.Extensions.dll
Registered in 0.000877 seconds.
Native extension for WindowsStandalone target not found
Refreshing native plugins compatible for Editor in 14.11 ms, found 2 plugins.
Preloading 0 native plugins for Editor in 0.00 ms.
Mono: successfully reloaded assembly
- Completed reload, in  1.326 seconds
Platform modules already initialized, skipping
Registering precompiled user dll's ...
Registered in 0.006165 seconds.
Begin MonoManager ReloadAssembly
Native extension for WindowsStandalone target not found
Refreshing native plugins compatible for Editor in 0.36 ms, found 2 plugins.
Preloading 0 native plugins for Editor in 0.00 ms.
Mono: successfully reloaded assembly
- Completed reload, in  0.734 seconds
Platform modules already initialized, skipping
========================================================================
Worker process is ready to serve import requests
Launched and connected shader compiler UnityShaderCompiler.exe after 0.06 seconds
Refreshing native plugins compatible for Editor in 0.37 ms, found 2 plugins.
Preloading 0 native plugins for Editor in 0.00 ms.
Unloading 1572 Unused Serialized files (Serialized files now loaded: 0)
System memory in use before: 72.3 MB.
System memory in use after: 72.4 MB.

Unloading 62 unused Assets to reduce memory usage. Loaded Objects now: 1962.
Total: 1.293000 ms (FindLiveObjects: 0.118400 ms CreateObjectMapping: 0.025700 ms MarkObjects: 1.079900 ms  DeleteObjects: 0.068000 ms)

AssetImportParameters requested are different than current active one (requested -> active):
  custom:framework-win-MediaFoundation: 216162199b28c13a410421893ffa2e32 -> 
  custom:video-decoder-ogg-theora: a1e56fd34408186e4bbccfd4996cb3dc -> 
  custom:container-muxer-webm: aa71ff27fc2769a1b78a27578f13a17b -> 
  custom:container-demuxer-webm: 4f35f7cbe854078d1ac9338744f61a02 -> 
  custom:container-demuxer-ogg: 62fdf1f143b41e24485cea50d1cbac27 -> 
  custom:video-encoder-webm-vp8: eb34c28f22e8b96e1ab97ce403110664 -> 
  custom:video-codec-MediaFoundation-h265: 746d11721c4dcdbdad8f713fa42b33f4 -> 
  custom:video-decoder-webm-vp8: 9c59270c3fd7afecdb556c50c9e8de78 -> 
  custom:audio-decoder-ogg-vorbis: bf7c407c2cedff20999df2af8eb42d56 -> 
  custom:audio-encoder-webm-vorbis: bf7c407c2cedff20999df2af8eb42d56 -> 
========================================================================
Received Prepare
Registering precompiled user dll's ...
Registered in 0.075506 seconds.
Begin MonoManager ReloadAssembly
Native extension for WindowsStandalone target not found
Refreshing native plugins compatible for Editor in 0.38 ms, found 2 plugins.
Preloading 0 native plugins for Editor in 0.00 ms.
Mono: successfully reloaded assembly
- Completed reload, in  0.834 seconds
Platform modules already initialized, skipping
Refreshing native plugins compatible for Editor in 0.47 ms, found 2 plugins.
Preloading 0 native plugins for Editor in 0.00 ms.
Unloading 1544 Unused Serialized files (Serialized files now loaded: 0)
System memory in use before: 71.9 MB.
System memory in use after: 72.0 MB.

Unloading 57 unused Assets to reduce memory usage. Loaded Objects now: 1965.
Total: 1.445000 ms (FindLiveObjects: 0.132500 ms CreateObjectMapping: 0.031600 ms MarkObjects: 1.250000 ms  DeleteObjects: 0.029800 ms)

AssetImportParameters requested are different than current active one (requested -> active):
  custom:framework-win-MediaFoundation: 216162199b28c13a410421893ffa2e32 -> 
  custom:video-decoder-ogg-theora: a1e56fd34408186e4bbccfd4996cb3dc -> 
  custom:container-muxer-webm: aa71ff27fc2769a1b78a27578f13a17b -> 
  custom:container-demuxer-webm: 4f35f7cbe854078d1ac9338744f61a02 -> 
  custom:container-demuxer-ogg: 62fdf1f143b41e24485cea50d1cbac27 -> 
  custom:video-encoder-webm-vp8: eb34c28f22e8b96e1ab97ce403110664 -> 
  custom:video-codec-MediaFoundation-h265: 746d11721c4dcdbdad8f713fa42b33f4 -> 
  custom:video-decoder-webm-vp8: 9c59270c3fd7afecdb556c50c9e8de78 -> 
  custom:audio-decoder-ogg-vorbis: bf7c407c2cedff20999df2af8eb42d56 -> 
  custom:audio-encoder-webm-vorbis: bf7c407c2cedff20999df2af8eb42d56 -> 
